[    0.000000] Initializing cgroup subsys cpuset
[    0.000000] Initializing cgroup subsys cpu
[    0.000000] Initializing cgroup subsys cpuacct
[    0.000000] Linux version 3.13.0-135-generic (buildd@lgw01-amd64-028) (gcc version 4.8.4 (Ubuntu 4.8.4-2ubuntu1~14.04.3) ) #184-Ubuntu SMP Wed Oct 18 11:55:51 UTC 2017 (Ubuntu 3.13.0-135.184-generic 3.13.11-ckt39)
[    0.000000] Command line: BOOT_IMAGE=/boot/vmlinuz-3.13.0-135-generic root=UUID=79ad9722-c80b-40bf-8e5b-b757a3c09589 ro console=tty1 console=ttyS0
[    0.000000] KERNEL supported cpus:
[    0.000000]   Intel GenuineIntel
[    0.000000]   AMD AuthenticAMD
[    0.000000]   Centaur CentaurHauls
[    0.000000] e820: BIOS-provided physical RAM map:
[    0.000000] BIOS-e820: [mem 0x0000000000000000-0x000000000009dfff] usable
[    0.000000] BIOS-e820: [mem 0x000000000009e000-0x000000000009ffff] reserved
[    0.000000] BIOS-e820: [mem 0x00000000000e0000-0x00000000000fffff] reserved
[    0.000000] BIOS-e820: [mem 0x0000000000100000-0x000000003fffffff] usable
[    0.000000] BIOS-e820: [mem 0x00000000fc000000-0x00000000ffffffff] reserved
[    0.000000] NX (Execute Disable) protection: active
[    0.000000] SMBIOS 2.7 present.
[    0.000000] Hypervisor detected: Xen HVM
[    0.000000] Xen version 4.2.
[    0.000000] Netfront and the Xen platform PCI driver have been compiled for this kernel: unplug emulated NICs.
[    0.000000] Blkfront and the Xen platform PCI driver have been compiled for this kernel: unplug emulated disks.
[    0.000000] You might have to change the root device
[    0.000000] from /dev/hd[a-d] to /dev/xvd[a-d]
[    0.000000] in your root= kernel command line option
[    0.000000] No AGP bridge found
[    0.000000] e820: last_pfn = 0x40000 max_arch_pfn = 0x400000000
[    0.000000] x86 PAT enabled: cpu 0, old 0x7040600070406, new 0x7010600070106
[    0.000000] found SMP MP-table at [mem 0x000fbc20-0x000fbc2f] mapped at [ffff8800000fbc20]
[    0.000000] Scanning 1 areas for low memory corruption
[    0.000000] init_memory_mapping: [mem 0x00000000-0x000fffff]
[    0.000000] init_memory_mapping: [mem 0x3fe00000-0x3fffffff]
[    0.000000] init_memory_mapping: [mem 0x3c000000-0x3fdfffff]
[    0.000000] init_memory_mapping: [mem 0x00100000-0x3bffffff]
[    0.000000] RAMDISK: [mem 0x370fc000-0x37875fff]
[    0.000000] ACPI: RSDP 00000000000ea020 000024 (v02    Xen)
[    0.000000] ACPI: XSDT 00000000fc00ddc0 000054 (v01    Xen      HVM 00000000 HVML 00000000)
[    0.000000] ACPI: FACP 00000000fc00da80 0000F4 (v04    Xen      HVM 00000000 HVML 00000000)
[    0.000000] ACPI: DSDT 00000000fc001ce0 00BD19 (v02    Xen      HVM 00000000 INTL 20090123)
[    0.000000] ACPI: FACS 00000000fc001ca0 000040
[    0.000000] ACPI: APIC 00000000fc00db80 0000D8 (v02    Xen      HVM 00000000 HVML 00000000)
[    0.000000] ACPI: HPET 00000000fc00dcd0 000038 (v01    Xen      HVM 00000000 HVML 00000000)
[    0.000000] ACPI: WAET 00000000fc00dd10 000028 (v01    Xen      HVM 00000000 HVML 00000000)
[    0.000000] ACPI: SSDT 00000000fc00dd40 000031 (v02    Xen      HVM 00000000 INTL 20090123)
[    0.000000] ACPI: SSDT 00000000fc00dd80 000031 (v02    Xen      HVM 00000000 INTL 20090123)
[    0.000000] No NUMA configuration found
[    0.000000] Faking a node at [mem 0x0000000000000000-0x000000003fffffff]
[    0.000000] Initmem setup node 0 [mem 0x00000000-0x3fffffff]
[    0.000000]   NODE_DATA [mem 0x3fffb000-0x3fffffff]
[    0.000000] Zone ranges:
[    0.000000]   DMA      [mem 0x00001000-0x00ffffff]
[    0.000000]   DMA32    [mem 0x01000000-0xffffffff]
[    0.000000]   Normal   empty
[    0.000000] Movable zone start for each node
[    0.000000] Early memory node ranges
[    0.000000]   node   0: [mem 0x00001000-0x0009dfff]
[    0.000000]   node   0: [mem 0x00100000-0x3fffffff]
[    0.000000] ACPI: PM-Timer IO Port: 0xb008
[    0.000000] ACPI: LAPIC (acpi_id[0x00] lapic_id[0x00] enabled)
[    0.000000] ACPI: LAPIC (acpi_id[0x01] lapic_id[0x00] disabled)
[    0.000000] ACPI: LAPIC (acpi_id[0x02] lapic_id[0x00] disabled)
[    0.000000] ACPI: LAPIC (acpi_id[0x03] lapic_id[0x00] disabled)
[    0.000000] ACPI: LAPIC (acpi_id[0x04] lapic_id[0x00] disabled)
[    0.000000] ACPI: LAPIC (acpi_id[0x05] lapic_id[0x00] disabled)
[    0.000000] ACPI: LAPIC (acpi_id[0x06] lapic_id[0x00] disabled)
[    0.000000] ACPI: LAPIC (acpi_id[0x07] lapic_id[0x00] disabled)
[    0.000000] ACPI: LAPIC (acpi_id[0x08] lapic_id[0x00] disabled)
[    0.000000] ACPI: LAPIC (acpi_id[0x09] lapic_id[0x00] disabled)
[    0.000000] ACPI: LAPIC (acpi_id[0x0a] lapic_id[0x00] disabled)
[    0.000000] ACPI: LAPIC (acpi_id[0x0b] lapic_id[0x00] disabled)
[    0.000000] ACPI: LAPIC (acpi_id[0x0c] lapic_id[0x00] disabled)
[    0.000000] ACPI: LAPIC (acpi_id[0x0d] lapic_id[0x00] disabled)
[    0.000000] ACPI: LAPIC (acpi_id[0x0e] lapic_id[0x00] disabled)
[    0.000000] ACPI: IOAPIC (id[0x01] address[0xfec00000] gsi_base[0])
[    0.000000] IOAPIC[0]: apic_id 1, version 17, address 0xfec00000, GSI 0-47
[    0.000000] ACPI: INT_SRC_OVR (bus 0 bus_irq 0 global_irq 2 dfl dfl)
[    0.000000] ACPI: INT_SRC_OVR (bus 0 bus_irq 5 global_irq 5 low level)
[    0.000000] ACPI: INT_SRC_OVR (bus 0 bus_irq 10 global_irq 10 low level)
[    0.000000] ACPI: INT_SRC_OVR (bus 0 bus_irq 11 global_irq 11 low level)
[    0.000000] Using ACPI (MADT) for SMP configuration information
[    0.000000] ACPI: HPET id: 0x8086a201 base: 0xfed00000
[    0.000000] smpboot: Allowing 15 CPUs, 14 hotplug CPUs
[    0.000000] PM: Registered nosave memory: [mem 0x0009e000-0x0009ffff]
[    0.000000] PM: Registered nosave memory: [mem 0x000a0000-0x000dffff]
[    0.000000] PM: Registered nosave memory: [mem 0x000e0000-0x000fffff]
[    0.000000] e820: [mem 0x40000000-0xfbffffff] available for PCI devices
[    0.000000] Booting paravirtualized kernel on Xen HVM
[    0.000000] setup_percpu: NR_CPUS:256 nr_cpumask_bits:256 nr_cpu_ids:15 nr_node_ids:1
[    0.000000] PERCPU: Embedded 27 pages/cpu @ffff88003fc00000 s81536 r8192 d20864 u131072
[    0.000000] Built 1 zonelists in Node order, mobility grouping on.  Total pages: 257928
[    0.000000] Policy zone: DMA32
[    0.000000] Kernel command line: BOOT_IMAGE=/boot/vmlinuz-3.13.0-135-generic root=UUID=79ad9722-c80b-40bf-8e5b-b757a3c09589 ro console=tty1 console=ttyS0
[    0.000000] PID hash table entries: 4096 (order: 3, 32768 bytes)
[    0.000000] xsave: enabled xstate_bv 0x7, cntxt size 0x340
[    0.000000] Checking aperture...
[    0.000000] No AGP bridge found
[    0.000000] Memory: 1005868K/1048180K available (7434K kernel code, 1147K rwdata, 3424K rodata, 1340K init, 1448K bss, 42312K reserved)
[    0.000000] SLUB: HWalign=64, Order=0-3, MinObjects=0, CPUs=15, Nodes=1
[    0.000000] Hierarchical RCU implementation.
[    0.000000] 	RCU dyntick-idle grace-period acceleration is enabled.
[    0.000000] 	RCU restricting CPUs from NR_CPUS=256 to nr_cpu_ids=15.
[    0.000000] 	Offload RCU callbacks from all CPUs
[    0.000000] 	Offload RCU callbacks from CPUs: 0-14.
[    0.000000] NR_IRQS:16640 nr_irqs:1208 16
[    0.000000] xen:events: Xen HVM callback vector for event delivery is enabled
[    0.000000] Console: colour VGA+ 80x25
[    0.000000] console [tty1] enabled
[    0.000000] Cannot get hvm parameter CONSOLE_EVTCHN (18): -22!
[    0.000000] console [ttyS0] enabled
[    0.000000] allocated 4194304 bytes of page_cgroup
[    0.000000] please try 'cgroup_disable=memory' option if you don't want memory cgroups
[    0.000000] tsc: Detected 2394.532 MHz processor
[    0.008000] Calibrating delay loop (skipped), value calculated using timer frequency.. 4789.06 BogoMIPS (lpj=9578128)
[    0.010137] pid_max: default: 32768 minimum: 301
[    0.012044] Security Framework initialized
[    0.016023] AppArmor: AppArmor initialized
[    0.018730] Yama: becoming mindful.
[    0.020107] Dentry cache hash table entries: 131072 (order: 8, 1048576 bytes)
[    0.024185] Inode-cache hash table entries: 65536 (order: 7, 524288 bytes)
[    0.028086] Mount-cache hash table entries: 2048 (order: 2, 16384 bytes)
[    0.032008] Mountpoint-cache hash table entries: 2048 (order: 2, 16384 bytes)
[    0.036203] Initializing cgroup subsys memory
[    0.040007] Initializing cgroup subsys devices
[    0.044003] Initializing cgroup subsys freezer
[    0.048006] Initializing cgroup subsys blkio
[    0.050774] Initializing cgroup subsys perf_event
[    0.052007] Initializing cgroup subsys hugetlb
[    0.056058] CPU: Physical Processor ID: 0
[    0.060776] mce: CPU supports 2 MCE banks
[    0.063534] Last level iTLB entries: 4KB 0, 2MB 0, 4MB 0
[    0.063534] Last level dTLB entries: 4KB 64, 2MB 0, 4MB 0
[    0.063534] tlb_flushall_shift: 6
[    0.087264] ACPI: Core revision 20131115
[    0.093390] ACPI: All ACPI Tables successfully acquired
[    0.096827] ftrace: allocating 28678 entries in 113 pages
[    0.125305] Switched APIC routing to physical flat.
[    0.132313] ..TIMER: vector=0x30 apic1=0 pin1=2 apic2=0 pin2=0
[    0.176637] smpboot: CPU0: Intel(R) Xeon(R) CPU E5-2676 v3 @ 2.40GHz (fam: 06, model: 3f, stepping: 02)
[    0.183095] installing Xen timer for CPU 0
[    0.184071] cpu 0 spinlock event irq 69
[    0.191287] Performance Events: unsupported p6 CPU model 63 no PMU driver, software events only.
[    0.197599] x86: Booted up 1 node, 1 CPUs
[    0.200005] smpboot: Total of 1 processors activated (4789.06 BogoMIPS)
[    0.204293] NMI watchdog: disabled (cpu0): hardware events not enabled
[    0.208215] devtmpfs: initialized
[    0.212449] EVM: security.selinux
[    0.214905] EVM: security.SMACK64
[    0.216006] EVM: security.ima
[    0.218418] EVM: security.capability
[    0.220661] pinctrl core: initialized pinctrl subsystem
[    0.224067] regulator-dummy: no parameters
[    0.226987] RTC time: 23:06:06, date: 01/30/18
[    0.228046] NET: Registered protocol family 16
[    0.231430] cpuidle: using governor ladder
[    0.232006] cpuidle: using governor menu
[    0.235074] ACPI: bus type PCI registered
[    0.236005] acpiphp: ACPI Hot Plug PCI Controller Driver version: 0.5
[    0.240311] PCI: Using configuration type 1 for base access
[    0.244604] bio: create slab <bio-0> at 0
[    0.247627] ACPI: Added _OSI(Module Device)
[    0.248006] ACPI: Added _OSI(Processor Device)
[    0.251640] ACPI: Added _OSI(3.0 _SCP Extensions)
[    0.252006] ACPI: Added _OSI(Processor Aggregator Device)
[    0.258856] ACPI: Interpreter enabled
[    0.260009] ACPI Exception: AE_NOT_FOUND, While evaluating Sleep State [\_S1_] (20131115/hwxface-580)
[    0.265925] ACPI Exception: AE_NOT_FOUND, While evaluating Sleep State [\_S2_] (20131115/hwxface-580)
[    0.272018] ACPI: (supports S0 S3 S4 S5)
[    0.274905] ACPI: Using IOAPIC for interrupt routing
[    0.276048] PCI: Ignoring host bridge windows from ACPI; if necessary, use "pci=use_crs" and report a bug
[    0.298666] ACPI: No dock devices found.
[    0.336205] ACPI: PCI Root Bridge [PCI0] (domain 0000 [bus 00-ff])
[    0.340013] acpi PNP0A03:00: _OSC: OS supports [ASPM ClockPM Segments MSI]
[    0.344010] acpi PNP0A03:00: _OSC failed (AE_NOT_FOUND); disabling ASPM
[    0.348181] acpi PNP0A03:00: fail to add MMCONFIG information, can't access extended PCI configuration space under this bridge.
[    0.352709] acpiphp: Slot [0] registered
[    0.356749] acpiphp: Slot [3] registered
[    0.359674] acpiphp: Slot [4] registered
[    0.360293] acpiphp: Slot [5] registered
[    0.363449] acpiphp: Slot [6] registered
[    0.364344] acpiphp: Slot [7] registered
[    0.367596] acpiphp: Slot [8] registered
[    0.368309] acpiphp: Slot [9] registered
[    0.371471] acpiphp: Slot [10] registered
[    0.372280] acpiphp: Slot [11] registered
[    0.375437] acpiphp: Slot [12] registered
[    0.376311] acpiphp: Slot [13] registered
[    0.379449] acpiphp: Slot [14] registered
[    0.380306] acpiphp: Slot [15] registered
[    0.383300] acpiphp: Slot [16] registered
[    0.384289] acpiphp: Slot [17] registered
[    0.387454] acpiphp: Slot [18] registered
[    0.388294] acpiphp: Slot [19] registered
[    0.391501] acpiphp: Slot [20] registered
[    0.392297] acpiphp: Slot [21] registered
[    0.395481] acpiphp: Slot [22] registered
[    0.396271] acpiphp: Slot [23] registered
[    0.399373] acpiphp: Slot [24] registered
[    0.400354] acpiphp: Slot [25] registered
[    0.403583] acpiphp: Slot [26] registered
[    0.404278] acpiphp: Slot [27] registered
[    0.407445] acpiphp: Slot [28] registered
[    0.408293] acpiphp: Slot [29] registered
[    0.411477] acpiphp: Slot [30] registered
[    0.412415] acpiphp: Slot [31] registered
[    0.415554] PCI host bridge to bus 0000:00
[    0.416010] pci_bus 0000:00: root bus resource [bus 00-ff]
[    0.419667] pci_bus 0000:00: root bus resource [io  0x0000-0xffff]
[    0.420008] pci_bus 0000:00: root bus resource [mem 0x00000000-0x3fffffffffff]
[    0.430664] * Found PM-Timer Bug on the chipset. Due to workarounds for a bug,
[    0.430664] * this clock source is slow. Consider trying other clock sources
[    0.433427] pci 0000:00:01.3: quirk: [io  0xb000-0xb03f] claimed by PIIX4 ACPI
[    0.442430] ACPI: PCI Interrupt Link [LNKA] (IRQs *5 10 11)
[    0.447232] ACPI: PCI Interrupt Link [LNKB] (IRQs 5 *10 11)
[    0.451269] ACPI: PCI Interrupt Link [LNKC] (IRQs 5 10 *11)
[    0.455233] ACPI: PCI Interrupt Link [LNKD] (IRQs *5 10 11)
[    0.475804] ACPI: Enabled 2 GPEs in block 00 to 0F
[    0.476111] xen:balloon: Initialising balloon driver
[    0.480028] xen_balloon: Initialising balloon driver
[    0.484359] vgaarb: setting as boot device: PCI:0000:00:02.0
[    0.488000] vgaarb: device added: PCI:0000:00:02.0,decodes=io+mem,owns=io+mem,locks=none
[    0.488008] vgaarb: loaded
[    0.490343] vgaarb: bridge control possible 0000:00:02.0
[    0.492185] SCSI subsystem initialized
[    0.495150] ACPI: bus type USB registered
[    0.496020] usbcore: registered new interface driver usbfs
[    0.499874] usbcore: registered new interface driver hub
[    0.500031] usbcore: registered new device driver usb
[    0.503583] PCI: Using ACPI for IRQ routing
[    0.504474] NetLabel: Initializing
[    0.507136] NetLabel:  domain hash size = 128
[    0.508005] NetLabel:  protocols = UNLABELED CIPSOv4
[    0.511362] NetLabel:  unlabeled traffic allowed by default
[    0.512076] HPET: 3 timers in total, 0 timers will be used for per-cpu timer
[    0.516018] hpet0: at MMIO 0xfed00000, IRQs 2, 8, 0
[    0.520836] hpet0: 3 comparators, 64-bit 62.500000 MHz counter
[    0.527090] Switched to clocksource xen
[    0.530106] AppArmor: AppArmor Filesystem Enabled
[    0.533515] pnp: PnP ACPI init
[    0.535865] ACPI: bus type PNP registered
[    0.538810] system 00:00: [mem 0x00000000-0x0009ffff] could not be reserved
[    0.543295] system 00:02: [io  0x08a0-0x08a3] has been reserved
[    0.547100] system 00:02: [io  0x0cc0-0x0ccf] has been reserved
[    0.551143] system 00:02: [io  0x04d0-0x04d1] has been reserved
[    0.555342] system 00:0a: [io  0x10c0-0x1141] has been reserved
[    0.559395] system 00:0a: [io  0xb044-0xb047] has been reserved
[    0.579786] pnp: PnP ACPI: found 11 devices
[    0.582828] ACPI: bus type PNP unregistered
[    0.591021] NET: Registered protocol family 2
[    0.594577] TCP established hash table entries: 8192 (order: 4, 65536 bytes)
[    0.599305] TCP bind hash table entries: 8192 (order: 5, 131072 bytes)
[    0.603491] TCP: Hash tables configured (established 8192 bind 8192)
[    0.608040] TCP: reno registered
[    0.610476] UDP hash table entries: 512 (order: 2, 16384 bytes)
[    0.614382] UDP-Lite hash table entries: 512 (order: 2, 16384 bytes)
[    0.618917] NET: Registered protocol family 1
[    0.622137] pci 0000:00:00.0: Limiting direct PCI/PCI transfers
[    0.626056] pci 0000:00:01.0: PIIX3: Enabling Passive Release
[    0.629855] pci 0000:00:01.0: Activating ISA DMA hang workarounds
[    0.634155] Trying to unpack rootfs image as initramfs...
[    0.747026] Freeing initrd memory: 7656K (ffff8800370fc000 - ffff880037876000)
[    0.752139] microcode: CPU0 sig=0x306f2, pf=0x1, revision=0x3b
[    0.756098] microcode: Microcode Update Driver: v2.00 <tigran@aivazian.fsnet.co.uk>, Peter Oruba
[    0.762185] Scanning for low memory corruption every 60 seconds
[    0.766547] Initialise system trusted keyring
[    0.769783] audit: initializing netlink socket (disabled)
[    0.773511] type=2000 audit(1517353567.337:1): initialized
[    0.799101] HugeTLB registered 2 MB page size, pre-allocated 0 pages
[    0.806338] zbud: loaded
[    0.809481] VFS: Disk quotas dquot_6.5.2
[    0.813252] Dquot-cache hash table entries: 512 (order 0, 4096 bytes)
[    0.821006] fuse init (API version 7.22)
[    0.824674] msgmni has been set to 1979
[    0.828320] Key type big_key registered
[    0.831440] Key type asymmetric registered
[    0.834559] Asymmetric key parser 'x509' registered
[    0.838476] Block layer SCSI generic (bsg) driver version 0.4 loaded (major 252)
[    0.844989] io scheduler noop registered
[    0.849053] io scheduler deadline registered (default)
[    0.854804] io scheduler cfq registered
[    0.859242] pci_hotplug: PCI Hot Plug PCI Core version: 0.5
[    0.864917] pciehp: PCI Express Hot Plug Controller Driver version: 0.4
[    0.872324] ipmi message handler version 39.2
[    0.877281] input: Power Button as /devices/LNXSYSTM:00/LNXPWRBN:00/input/input0
[    0.884045] ACPI: Power Button [PWRF]
[    0.886739] input: Sleep Button as /devices/LNXSYSTM:00/LNXSLPBN:00/input/input1
[    0.891733] ACPI: Sleep Button [SLPF]
[    0.894550] GHES: HEST is not enabled!
[    0.897688] xen:grant_table: Grant tables using version 1 layout
[    0.902148] Grant table initialized
[    0.904878] Cannot get hvm parameter CONSOLE_EVTCHN (18): -22!
[    0.908666] Serial: 8250/16550 driver, 32 ports, IRQ sharing enabled
[    0.938106] 00:09: ttyS0 at I/O 0x3f8 (irq = 4, base_baud = 115200) is a 16550A
[    0.943408] Linux agpgart interface v0.103
[    0.946872] brd: module loaded
[    0.949373] loop: module loaded
[    0.958748] scsi0 : ata_piix
[    0.961917] scsi1 : ata_piix
[    0.964696] ata1: PATA max MWDMA2 cmd 0x1f0 ctl 0x3f6 bmdma 0xc100 irq 14
[    0.970425] ata2: PATA max MWDMA2 cmd 0x170 ctl 0x376 bmdma 0xc108 irq 15
[    0.976308] libphy: Fixed MDIO Bus: probed
[    0.978971] tun: Universal TUN/TAP device driver, 1.6
[    0.981992] tun: (C) 1999-2004 Max Krasnyansky <maxk@qualcomm.com>
[    0.985545] PPP generic driver version 2.4.2
[    0.988384] xen_netfront: Initialising Xen virtual ethernet driver
[    0.991998] blkfront: xvda: barrier or flush: disabled; persistent grants: disabled; indirect descriptors: enabled;
[    0.998576] ehci_hcd: USB 2.0 'Enhanced' Host Controller (EHCI) Driver
[    1.002399] ehci-pci: EHCI PCI platform driver
[    1.005778] ehci-platform: EHCI generic platform driver
[    1.009231] ohci_hcd: USB 1.1 'Open' Host Controller (OHCI) Driver
[    1.012769] ohci-pci: OHCI PCI platform driver
[    1.015537] ohci-platform: OHCI generic platform driver
[    1.019352] uhci_hcd: USB Universal Host Controller Interface driver
[    1.023246]  xvda: xvda1
[    1.025293] i8042: PNP: PS/2 Controller [PNP0303:PS2K,PNP0f13:PS2M] at 0x60,0x64 irq 1,12
[    1.032576] serio: i8042 KBD port at 0x60,0x64 irq 1
[    1.036310] serio: i8042 AUX port at 0x60,0x64 irq 12
[    1.039812] mousedev: PS/2 mouse device common for all mice
[    1.044308] input: AT Translated Set 2 keyboard as /devices/platform/i8042/serio0/input/input2
[    1.049688] rtc_cmos 00:04: rtc core: registered rtc_cmos as rtc0
[    1.054110] rtc_cmos 00:04: alarms up to one day, 114 bytes nvram, hpet irqs
[    1.058283] device-mapper: uevent: version 1.0.3
[    1.062587] device-mapper: ioctl: 4.27.0-ioctl (2013-10-30) initialised: dm-devel@redhat.com
[    1.068038] ledtrig-cpu: registered to indicate activity on CPUs
[    1.071793] TCP: cubic registered
[    1.075884] NET: Registered protocol family 10
[    1.079924] NET: Registered protocol family 17
[    1.082810] Key type dns_resolver registered
[    1.085825] Loading compiled-in X.509 certificates
[    1.089205] Loaded X.509 cert 'Magrathea: Glacier signing key: d6328e377de7123fccaf8426032c4f5af1f1fb77'
[    1.094655] registered taskstats version 1
[    1.098570] Key type trusted registered
[    1.103111] Key type encrypted registered
[    1.105849] AppArmor: AppArmor sha1 policy hashing enabled
[    1.109023] IMA: No TPM chip found, activating TPM-bypass!
[    1.113878] regulator-dummy: disabling
[    1.117302]   Magic number: 2:729:151
[    1.120713] bdi 1:3: hash matches
[    1.123814] rtc_cmos 00:04: setting system clock to 2018-01-30 23:06:07 UTC (1517353567)
[    1.131573] BIOS EDD facility v0.16 2004-Jun-25, 0 devices found
[    1.135807] EDD information not available.
[    1.140241] Freeing unused kernel memory: 1340K (ffffffff81d20000 - ffffffff81e6f000)
[    1.146147] Write protecting the kernel read-only data: 12288k
[    1.150566] Freeing unused kernel memory: 744K (ffff880001746000 - ffff880001800000)
[    1.157209] Freeing unused kernel memory: 672K (ffff880001b58000 - ffff880001c00000)
Loading, please wait...
[    1.176201] systemd-udevd[128]: starting version 204
[    1.214522] FDC 0 is a S82078B
[    1.752158] tsc: Refined TSC clocksource calibration: 2394.457 MHz
[    2.240051] input: ImExPS/2 Generic Explorer Mouse as /devices/platform/i8042/serio1/input/input4
Begin: Loading essential drivers ... done.

Begin: Running /scripts/init-premount ... done.

Begin: Mounting root file system ... Begin: Running /scripts/local-top ... done.

Begin: Running /scripts/local-premount ... done.

[    3.214407] EXT4-fs (xvda1): mounted filesystem with ordered data mode. Opts: (null)
Begin: Running /scripts/local-bottom ... done.

done.

Begin: Running /scripts/init-bottom ... done.

[    5.323385] random: nonblocking pool is initialized
 * Stopping adjust system clock and timezone[74G[ OK ]

 * Stopping Send an event to indicate plymouth is up[74G[ OK ]

 * Starting Mount filesystems on boot[74G[ OK ]

 * Starting Populate /dev filesystem[74G[ OK ]

 * Starting Populate and link to /run filesystem[74G[ OK ]

 * Stopping Populate /dev filesystem[74G[ OK ]

 * Stopping Populate and link to /run filesystem[74G[ OK ]

 * Stopping Track if upstart is running in a container[74G[ OK ]

[    8.650911] EXT4-fs (xvda1): re-mounted. Opts: discard
 * Starting Signal sysvinit that the rootfs is mounted[74G[ OK ]

 * Starting Clean /tmp directory[74G[ OK ]

 * Starting Initialize or finalize resolvconf[74G[ OK ]

 * Stopping Clean /tmp directory[74G[ OK ]

Cloud-init v. 0.7.5 running 'init-local' at Tue, 30 Jan 2018 23:06:22 +0000. Up 16.07 seconds.

cloud-init-nonet[16.97]: waiting 10 seconds for network device

 * Starting Signal sysvinit that virtual filesystems are mounted[74G[ OK ]

 * Starting Signal sysvinit that virtual filesystems are mounted[74G[ OK ]

 * Starting Bridge udev events into upstart[74G[ OK ]

 * Starting Signal sysvinit that remote filesystems are mounted[74G[ OK ]

 * Starting device node and kernel event manager[74G[ OK ]

 * Starting cold plug devices[74G[ OK ]

 * Starting log initial device creation[74G[ OK ]

 * Starting Uncomplicated firewall[74G[ OK ]

 * Starting configure network device security[74G[ OK ]

 * Starting configure network device security[74G[ OK ]

 * Starting Mount network filesystems[74G[ OK ]

 * Stopping Mount network filesystems[74G[ OK ]

 * Starting Bridge socket events into upstart[74G[ OK ]

 * Starting configure network device[74G[ OK ]

 * Starting Mount network filesystems[74G[ OK ]

 * Stopping Mount network filesystems[74G[ OK ]

cloud-init-nonet[18.81]: static networking is now up

 * Starting configure network device[74G[ OK ]

Cloud-init v. 0.7.5 running 'init' at Tue, 30 Jan 2018 23:06:25 +0000. Up 19.23 seconds.

ci-info: ++++++++++++++++++++++++++Net device info++++++++++++++++++++++++++

ci-info: +--------+------+-------------+---------------+-------------------+

ci-info: | Device |  Up  |   Address   |      Mask     |     Hw-Address    |

ci-info: +--------+------+-------------+---------------+-------------------+

ci-info: |   lo   | True |  127.0.0.1  |   255.0.0.0   |         .         |

ci-info: |  eth0  | True | 172.31.28.2 | 255.255.240.0 | 02:64:1f:0a:87:82 |

ci-info: +--------+------+-------------+---------------+-------------------+

ci-info: +++++++++++++++++++++++++++++++Route info++++++++++++++++++++++++++++++++

ci-info: +-------+-------------+-------------+---------------+-----------+-------+

ci-info: | Route | Destination |   Gateway   |    Genmask    | Interface | Flags |

ci-info: +-------+-------------+-------------+---------------+-----------+-------+

ci-info: |   0   |   0.0.0.0   | 172.31.16.1 |    0.0.0.0    |    eth0   |   UG  |

ci-info: |   1   | 172.31.16.0 |   0.0.0.0   | 255.255.240.0 |    eth0   |   U   |

ci-info: +-------+-------------+-------------+---------------+-----------+-------+

 * Stopping cold plug devices[74G[ OK ]

 * Stopping log initial device creation[74G[ OK ]

 * Starting enable remaining boot-time encrypted block devices[74G[ OK ]

Generating public/private rsa key pair.

Your identification has been saved in /etc/ssh/ssh_host_rsa_key.

Your public key has been saved in /etc/ssh/ssh_host_rsa_key.pub.

The key fingerprint is:

81:67:79:a5:ca:6d:ec:9b:7b:c3:ac:b6:97:6f:b7:11 root@ip-172-31-28-2

The key's randomart image is:

+--[ RSA 2048]----+

|            .    |

|       . . o     |

|      . = o      |

|       + *       |

|        S +    E |

|         o      .|

|          .o . . |

|          .oB . o|

|         .** +.o.|

+-----------------+

Generating public/private dsa key pair.

Your identification has been saved in /etc/ssh/ssh_host_dsa_key.

Your public key has been saved in /etc/ssh/ssh_host_dsa_key.pub.

The key fingerprint is:

72:b4:05:b2:3a:11:52:e2:d1:5e:93:81:7e:0e:5a:6e root@ip-172-31-28-2

The key's randomart image is:

+--[ DSA 1024]----+

|  +oo.oo.        |

| . +o.+o .       |

|  .o..... .      |

|    =o.. o       |

|   +o+. S        |

|  . E..o         |

|   .             |

|                 |

|                 |

+-----------------+

Generating public/private ecdsa key pair.

Your identification has been saved in /etc/ssh/ssh_host_ecdsa_key.

Your public key has been saved in /etc/ssh/ssh_host_ecdsa_key.pub.

The key fingerprint is:

7f:e7:49:56:90:59:f1:36:af:36:6e:e6:3c:37:13:68 root@ip-172-31-28-2

The key's randomart image is:

+--[ECDSA  256]---+

|               .o|

|               +.|

|              +.o|

|               oo|

|        S     . o|

|         .   E + |

|          . o B .|

|           . O+=.|

|             +*oo|

+-----------------+

Generating public/private ed25519 key pair.

Your identification has been saved in /etc/ssh/ssh_host_ed25519_key.

Your public key has been saved in /etc/ssh/ssh_host_ed25519_key.pub.

The key fingerprint is:

e7:e4:86:93:1e:e1:75:ba:ba:e2:32:a0:37:68:13:b1 root@ip-172-31-28-2

The key's randomart image is:

+--[ED25519  256--+

|                 |

|                 |

|                 |

| .               |

|  o     S + .    |

| E.    . X o     |

| o..    * =      |

|ooo o .. + .     |

|.... +..+o.      |

+-----------------+

 * Starting Signal sysvinit that local filesystems are mounted[74G[ OK ]

 * Starting configure network device security[74G[ OK ]

 * Stopping Mount filesystems on boot[74G[ OK ]

 * Starting Flush boot log to disk[74G[ OK ]

 * Starting flush early job output to logs[74G[ OK ]

 * Stopping Failsafe Boot Delay[74G[ OK ]

 * Starting System V initialisation compatibility[74G[ OK ]

 * Stopping flush early job output to logs[74G[ OK ]

 * Starting configure virtual network devices[74G[ OK ]

 * Starting Pollinate to seed the pseudo random number generator[74G[ OK ]

 * Starting system logging daemon[74G[ OK ]

 * Starting Handle applying cloud-config[74G[ OK ]

 * Starting D-Bus system message bus[74G[ OK ]

 * Starting SystemD login management service[74G[ OK ]

 * Stopping Pollinate to seed the pseudo random number generator[74G[ OK ]

 * Starting Bridge file events into upstart[74G[ OK ]

 * Stopping Flush boot log to disk[74G[ OK ]

 * Starting early crypto disks...       [80G
[74G[ OK ]

Cloud-init v. 0.7.5 running 'modules:config' at Tue, 30 Jan 2018 23:06:28 +0000. Up 21.87 seconds.

Skipping profile in /etc/apparmor.d/disable: usr.sbin.rsyslogd

 * Starting AppArmor profiles       [80G
[74G[ OK ]

 * Setting up X socket directories...       [80G
[74G[ OK ]

 * Stopping System V initialisation compatibility[74G[ OK ]

 * Starting System V runlevel compatibility[74G[ OK ]

 * Starting save kernel messages[74G[ OK ]

 * Starting ACPI daemon[74G[ OK ]

 * Starting regular background program processing daemon[74G[ OK ]

 * Starting deferred execution scheduler[74G[ OK ]

 * Stopping save kernel messages[74G[ OK ]

 * Starting automatic crash report generation[74G[ OK ]

 * Stopping CPU interrupts balancing daemon[74G[ OK ]

 * Starting OpenSSH server[74G[ OK ]

open-vm-tools: not starting as this is not a VMware VM

Generating locales...

 * Restoring resolver state...       [80G  en_US.UTF-8...
[74G[ OK ]

resize2fs 1.42.9 (4-Feb-2014)

The filesystem is already 2618595 blocks long.  Nothing to do!



up-to-date

Generation complete.

650000+0 records in

650000+0 records out

665600000 bytes (666 MB) copied, 7.49313 s, 88.8 MB/s

Setting up swapspace version 1, size = 649996 KiB

no label, UUID=614f8b8c-b521-4d81-b89c-138f360a664e

micro

 * Stopping Handle applying cloud-config[74G[ OK ]



#########################################################################

#                                                                       #

#        Setting Bitnami application password to 'mEtn1JoqESTe'         #

#        (the default application username is 'root')                   #

#                                                                       #

#########################################################################



find: `/opt/bitnami/apps': No such file or directory

[Tue Jan 30 23:06:47 UTC 2018] Finished regenerating keys

[Tue Jan 30 23:06:47 UTC 2018] Setting up password for mysql service

[Tue Jan 30 23:07:05 UTC 2018] Setting up password for mysql service finished

find: `/opt/bitnami/apps': No such file or directory

[Tue Jan 30 23:07:05 UTC 2018] Finished setting password

/opt/bitnami/mysql/scripts/ctl.sh : mysql  (pid 2763) already running



find: `/opt/bitnami/apps': No such file or directory

Starting gonit daemon

 * Stopping System V runlevel compatibility[74G[ OK ]

Cloud-init v. 0.7.5 running 'modules:final' at Tue, 30 Jan 2018 23:07:16 +0000. Up 69.28 seconds.
ci-info: ++++Authorized keys from /home/bitnami/.ssh/authorized_keys for user bitnami+++++
ci-info: +---------+-------------------------------------------------+---------+---------+
ci-info: | Keytype |                Fingerprint (md5)                | Options | Comment |
ci-info: +---------+-------------------------------------------------+---------+---------+
ci-info: | ssh-rsa | eb:7d:26:80:18:4b:62:77:63:63:5b:01:df:73:b9:0d |    -    |  knova  |
ci-info: +---------+-------------------------------------------------+---------+---------+
ec2:
ec2: #############################################################
ec2: -----BEGIN SSH HOST KEY FINGERPRINTS-----
ec2: 1024 72:b4:05:b2:3a:11:52:e2:d1:5e:93:81:7e:0e:5a:6e  root@ip-172-31-28-2 (DSA)
ec2: 256 7f:e7:49:56:90:59:f1:36:af:36:6e:e6:3c:37:13:68  root@ip-172-31-28-2 (ECDSA)
ec2: 256 e7:e4:86:93:1e:e1:75:ba:ba:e2:32:a0:37:68:13:b1  root@ip-172-31-28-2 (ED25519)
ec2: 2048 81:67:79:a5:ca:6d:ec:9b:7b:c3:ac:b6:97:6f:b7:11  root@ip-172-31-28-2 (RSA)
ec2: -----END SSH HOST KEY FINGERPRINTS-----
ec2: #############################################################
-----BEGIN SSH HOST KEY KEYS-----
ecdsa-sha2-nistp256 AAAAE2VjZHNhLXNoYTItbmlzdHAyNTYAAAAIbmlzdHAyNTYAAABBBAxM7x64YbabTA9bwpymPpIptTrImZuLWgu7Yh29e+w/GhMuafClNVs7CODIwTwE7s/tqWIIm0PuxjuF+ia96xY= root@ip-172-31-28-2
ssh-ed25519 AAAAC3NzaC1lZDI1NTE5AAAAIBPv/ozWcbJR0XclKOEgihvBt/X5WIc6Xvof1G4qye2n root@ip-172-31-28-2
ssh-rsa AAAAB3NzaC1yc2EAAAADAQABAAABAQDWSOyhtOBbo88ZWXkv4PAw85UdDbbBTjtFHMM2waQ6nxjzL5gWTJbWSWKW5SUZ2tg14IH25f1aHakNwDviK3FUeR3KwAqq2zsXPjH/zXHTtTtfLtjU5fYvlw9We9hzYuN7fqdxxmDmLfGD76V6emgHm8yJoHnEmvTzF9sF0VeVrXJEKBpr8UDOInCouZb2oUTrCNY5pokWmT7A7mw7dzXD8JRaTGFcJzgOifINOls3lQKQxd7gutX/SiFvJU/08dqFzTichZLf0v4/5JpUsPRWiz/nOCX2NKOBNv/NsphqL609IKjlIt5HoNJW1RmeFh4LBWx3XC7hoG5S8hwn/1cr root@ip-172-31-28-2
-----END SSH HOST KEY KEYS-----
Cloud-init v. 0.7.5 finished at Tue, 30 Jan 2018 23:07:16 +0000. Datasource DataSourceEc2.  Up 69.44 seconds


Ubuntu 14.04.5 LTS ip-172-31-28-2 ttyS0

ip-172-31-28-2 login: